package main

var x *struct {
	Field int `json:"field"`
}
