Tests running in interp:  /tmp/tcl-test-2585805653/tcltest
Tests located in:  /tmp/tcl-test-2585805653
Tests running in:  /tmp/tcl-test-2585805653
Temporary files stored in /tmp/tcl-test-2585805653
Test files run in separate interpreters
Running tests that match:  *
Skipping test files that match:  http.test httpold.test
Only running test files that match:  *.test
Tests began at Sun Oct 03 16:42:42 EDT 2021
aaa_exit.test
append.test
appendComp.test
apply.test
assemble.test
assocd.test
async.test
autoMkindex.test
basic.test
binary.test
case.test
chan.test
chanio.test
clock.test
cmdAH.test
cmdIL.test
cmdInfo.test
cmdMZ.test
compExpr-old.test
compExpr.test
compile.test
concat.test
config.test
coroutine.test
dcall.test
dict.test
dstring.test
encoding.test
env.test
error.test
eval.test
event.test
exec.test
execute.test
expr-old.test
expr.test
fCmd.test
fileName.test
fileSystem.test
fileSystemEncoding.test
for-old.test
for.test
foreach.test
format.test
get.test
history.test
http11.test
httpPipeline.test
if-old.test
if.test
incr-old.test
incr.test
indexObj.test
info.test
init.test
interp.test
io.test
ioCmd.test
ioTrans.test
iogt.test
join.test
lindex.test
link.test
linsert.test
list.test
listObj.test
llength.test
lmap.test
load.test
lrange.test
lrepeat.test
lreplace.test
lsearch.test
lset.test
lsetComp.test
macOSXFCmd.test
macOSXLoad.test
main.test
mathop.test
misc.test
msgcat.test
namespace-old.test
namespace.test
notify.test
nre.test
obj.test
oo.test
ooNext2.test
opt.test
package.test
parse.test
parseExpr.test
parseOld.test
pid.test
pkgMkIndex.test
platform.test
proc-old.test
proc.test
pwd.test
reg.test
regexp.test
regexpComp.test
registry.test
rename.test
resolver.test
result.test
safe.test
scan.test
security.test
set-old.test
set.test
socket.test
source.test
split.test
stack.test
string.test
stringComp.test
stringObj.test
subst.test
switch.test
tailcall.test
tcltest.test
thread.test
timer.test
tm.test
trace.test
unixFCmd.test
unixFile.test
unixForkEvent.test
unixInit.test
unixNotfy.test
unknown.test
unload.test
uplevel.test
upvar.test
utf.test
util.test
var.test
while-old.test
while.test
winConsole.test
winDde.test
winFCmd.test
winFile.test
winNotify.test
winPipe.test
winTime.test
zlib.test

Tests ended at Sun Oct 03 16:45:22 EDT 2021
all.tcl:	Total	33402	Passed	30068	Skipped	3334	Failed	0
Sourced 148 Test Files.
Number of tests skipped for each constraint:
	9	!ieeeFloatingPoint
	3	asyncPipeChan
	5	bug-3057639
	49	dde
	4	dontCopyLinks
	64	emptyTest
	5	fullutf
	2	hasIsoLocale
	1	knownBadTest
	39	knownBug
	77	littleEndian
	100	localeRegexp
	52	longIs32bit
	14	macosxFileAttr
	82	memory
	45	nonPortable
	5	notNetworkFilesystem
	1	notValgrind
	9	nt
	19	pkgaRequired
	20	pkguaRequired
	4	readonlyAttr
	1996	serverNeeded
	1	testCPUID
	1	testexprparser && !ieeeFloatingPoint
	1	testwinclock
	21	testwordend
	189	thread
	3	threaded
	3	tip389
	2	wideBiggerThanInt
	487	win
	4	winVista
	6	xdev
